---
source: crates/huak_cli/tests/test_run.rs
info:
  program: huak
  args:
    - run
    - "--help"
---
success: true
exit_code: 0
----- stdout -----
Run a command within the project's environment context

Usage: huak run [OPTIONS] [COMMAND]...

Arguments:
  [COMMAND]...  

Options:
  -q, --quiet  
  -h, --help   Print help

----- stderr -----

