---
source: crates/huak_cli/tests/test_remove.rs
info:
  program: huak
  args:
    - remove
    - "--help"
---
success: true
exit_code: 0
----- stdout -----
Remove dependencies from the project

Usage: huak remove [OPTIONS] <DEPENDENCIES>... [-- <TRAILING>...]

Arguments:
  <DEPENDENCIES>...  
  [TRAILING]...      Pass trailing arguments with `--`

Options:
  -q, --quiet  
  -h, --help   Print help

----- stderr -----

