---
source: crates/huak_cli/tests/mod.rs
info:
  program: huak
  args:
    - "--help"
---
success: true
exit_code: 0
----- stdout -----
A Python package manager written in Rust and inspired by Cargo.

Usage: huak [OPTIONS] <COMMAND>

Commands:
  activate    Activate the virtual environment
  add         Add dependencies to the project
  build       Build tarball and wheel for the project
  clean       Remove tarball and wheel from the built project
  completion  Generates a shell completion script for supported shells
  fix         Auto-fix fixable lint conflicts
  fmt         Format the project's Python code
  init        Initialize the existing project
  install     Install the dependencies of an existing project
  lint        Lint the project's Python code
  new         Create a new project at <path>
  publish     Builds and uploads current project to a registry
  python      Manage Python installations
  remove      Remove dependencies from the project
  run         Run a command within the project's environment context
  test        Test the project's Python code
  update      Update the project's dependencies
  version     Display the version of the project
  help        Print this message or the help of the given subcommand(s)

Options:
  -q, --quiet     
      --no-color  
  -h, --help      Print help
  -V, --version   Print version

----- stderr -----

